// Vitest Snapshot v1, https://vitest.dev/guide/snapshot.html

exports[`BaseView > should match snapshot 1`] = `
<DocumentFragment>
  <div>
    <header
      class="MuiPaper-root MuiPaper-elevation MuiPaper-elevation4 MuiAppBar-root MuiAppBar-colorDefault MuiAppBar-positionStatic css-owe5nn-MuiPaper-root-MuiAppBar-root"
    >
      <button
        class="MuiButtonBase-root MuiIconButton-root MuiIconButton-sizeMedium css-x6g243-MuiButtonBase-root-MuiIconButton-root"
        tabindex="0"
        type="button"
      >
        <div
          class="MuiAvatar-root MuiAvatar-circular css-1qjb60v-MuiAvatar-root"
        >
          <img
            alt="User"
            class="MuiAvatar-img css-1pqm26d-MuiAvatar-img"
            src="/src/assets/userIcon.svg"
          />
        </div>
        <span
          class="MuiTouchRipple-root css-8je8zh-MuiTouchRipple-root"
        />
      </button>
      <svg
        aria-hidden="true"
        aria-label="logo"
        class="MuiSvgIcon-root MuiSvgIcon-fontSizeMedium css-1o780gf-MuiSvgIcon-root"
        focusable="false"
      >
        <svg
          class="logo"
          fill="none"
          viewBox="0 0 325 325"
          xmlns="http://www.w3.org/2000/svg"
        >
          <path
            d="M107.5 92.5H53L107.5 38M107.5 92.5H150.5H162M107.5 92.5L53 38H107.5M107.5 92.5L162 38M107.5 38L162 92.5M107.5 38H162M162 92.5L216.5 38M162 92.5H216.5M216.5 38L271 92.5H216.5M216.5 38H162M216.5 38H271L216.5 92.5M162 38L216.5 92.5"
            stroke="black"
            stroke-width="16"
          />
          <path
            d="M162 100.5C162 100.5 162 195.5 162 251C162 287.031 117 285.5 117 285.5"
            stroke="black"
            stroke-width="45"
          />
        </svg>
      </svg>
    </header>
    <div
      class="MuiPaper-root MuiPaper-elevation MuiPaper-rounded MuiPaper-elevation1 MuiCard-root css-1x3n8rb-MuiPaper-root-MuiCard-root"
    >
      <div
        class="MuiCardHeader-root css-185gdzj-MuiCardHeader-root"
      >
        <div
          class="MuiCardHeader-avatar css-1ssile9-MuiCardHeader-avatar"
        >
          <div
            class="MuiAvatar-root MuiAvatar-circular MuiAvatar-colorDefault css-4vb5ob-MuiAvatar-root"
          >
            <svg
              aria-hidden="true"
              class="MuiSvgIcon-root MuiSvgIcon-fontSizeMedium css-i4bv87-MuiSvgIcon-root"
              data-testid="TextsmsOutlinedIcon"
              focusable="false"
              viewBox="0 0 24 24"
            >
              <path
                d="M20 2H4c-1.1 0-2 .9-2 2v18l4-4h14c1.1 0 2-.9 2-2V4c0-1.1-.9-2-2-2zm0 14H6l-2 2V4h16v12zM7 9h2v2H7zm4 0h2v2h-2zm4 0h2v2h-2z"
              />
            </svg>
          </div>
        </div>
        <div
          class="MuiCardHeader-content css-1qbkelo-MuiCardHeader-content"
        >
          <span
            class="MuiTypography-root MuiTypography-body2 MuiCardHeader-title css-et1ao3-MuiTypography-root"
          >
            test@example.com
          </span>
          <span
            class="MuiTypography-root MuiTypography-body2 MuiCardHeader-subheader css-83ijpv-MuiTypography-root"
          >
            26.07.2024, 22:31
          </span>
        </div>
      </div>
      <div
        class="MuiCardContent-root css-46bh2p-MuiCardContent-root"
      >
        <p
          class="MuiTypography-root MuiTypography-body1 css-1pnmrwp-MuiTypography-root"
        >
          Test post content 1
        </p>
      </div>
      <div
        class="MuiCardActions-root css-5rkuwp-MuiCardActions-root"
      >
        <button
          class="MuiButtonBase-root MuiIconButton-root MuiIconButton-sizeMedium css-78trlr-MuiButtonBase-root-MuiIconButton-root"
          tabindex="0"
          type="button"
        >
          <svg
            aria-hidden="true"
            class="MuiSvgIcon-root MuiSvgIcon-fontSizeMedium css-i4bv87-MuiSvgIcon-root"
            data-testid="EditIcon"
            focusable="false"
            viewBox="0 0 24 24"
          >
            <path
              d="M3 17.25V21h3.75L17.81 9.94l-3.75-3.75L3 17.25zM20.71 7.04c.39-.39.39-1.02 0-1.41l-2.34-2.34a.9959.9959 0 0 0-1.41 0l-1.83 1.83 3.75 3.75 1.83-1.83z"
            />
          </svg>
          <span
            class="MuiTouchRipple-root css-8je8zh-MuiTouchRipple-root"
          />
        </button>
        <button
          class="MuiButtonBase-root MuiIconButton-root MuiIconButton-sizeMedium css-78trlr-MuiButtonBase-root-MuiIconButton-root"
          tabindex="0"
          type="button"
        >
          <svg
            aria-hidden="true"
            class="MuiSvgIcon-root MuiSvgIcon-fontSizeMedium css-i4bv87-MuiSvgIcon-root"
            data-testid="DeleteForeverIcon"
            focusable="false"
            viewBox="0 0 24 24"
          >
            <path
              d="M6 19c0 1.1.9 2 2 2h8c1.1 0 2-.9 2-2V7H6v12zm2.46-7.12 1.41-1.41L12 12.59l2.12-2.12 1.41 1.41L13.41 14l2.12 2.12-1.41 1.41L12 15.41l-2.12 2.12-1.41-1.41L10.59 14l-2.13-2.12zM15.5 4l-1-1h-5l-1 1H5v2h14V4z"
            />
          </svg>
          <span
            class="MuiTouchRipple-root css-8je8zh-MuiTouchRipple-root"
          />
        </button>
      </div>
    </div>
    <hr
      class="MuiDivider-root MuiDivider-fullWidth css-9mgopn-MuiDivider-root"
    />
    <div
      class="MuiPaper-root MuiPaper-elevation MuiPaper-rounded MuiPaper-elevation1 MuiCard-root css-1x3n8rb-MuiPaper-root-MuiCard-root"
    >
      <div
        class="MuiCardHeader-root css-185gdzj-MuiCardHeader-root"
      >
        <div
          class="MuiCardHeader-avatar css-1ssile9-MuiCardHeader-avatar"
        >
          <div
            class="MuiAvatar-root MuiAvatar-circular MuiAvatar-colorDefault css-4vb5ob-MuiAvatar-root"
          >
            <svg
              aria-hidden="true"
              class="MuiSvgIcon-root MuiSvgIcon-fontSizeMedium css-i4bv87-MuiSvgIcon-root"
              data-testid="TextsmsOutlinedIcon"
              focusable="false"
              viewBox="0 0 24 24"
            >
              <path
                d="M20 2H4c-1.1 0-2 .9-2 2v18l4-4h14c1.1 0 2-.9 2-2V4c0-1.1-.9-2-2-2zm0 14H6l-2 2V4h16v12zM7 9h2v2H7zm4 0h2v2h-2zm4 0h2v2h-2z"
              />
            </svg>
          </div>
        </div>
        <div
          class="MuiCardHeader-content css-1qbkelo-MuiCardHeader-content"
        >
          <span
            class="MuiTypography-root MuiTypography-body2 MuiCardHeader-title css-et1ao3-MuiTypography-root"
          >
            test2@example.com
          </span>
          <span
            class="MuiTypography-root MuiTypography-body2 MuiCardHeader-subheader css-83ijpv-MuiTypography-root"
          >
            26.07.2024, 22:31
          </span>
        </div>
      </div>
      <div
        class="MuiCardContent-root css-46bh2p-MuiCardContent-root"
      >
        <p
          class="MuiTypography-root MuiTypography-body1 css-1pnmrwp-MuiTypography-root"
        >
          Test post content 2
        </p>
      </div>
      <div
        class="MuiCardActions-root css-5rkuwp-MuiCardActions-root"
      >
        <button
          class="MuiButtonBase-root Mui-disabled MuiIconButton-root Mui-disabled MuiIconButton-sizeMedium css-78trlr-MuiButtonBase-root-MuiIconButton-root"
          disabled=""
          tabindex="-1"
          type="button"
        >
          <svg
            aria-hidden="true"
            class="MuiSvgIcon-root MuiSvgIcon-fontSizeMedium css-i4bv87-MuiSvgIcon-root"
            data-testid="EditIcon"
            focusable="false"
            viewBox="0 0 24 24"
          >
            <path
              d="M3 17.25V21h3.75L17.81 9.94l-3.75-3.75L3 17.25zM20.71 7.04c.39-.39.39-1.02 0-1.41l-2.34-2.34a.9959.9959 0 0 0-1.41 0l-1.83 1.83 3.75 3.75 1.83-1.83z"
            />
          </svg>
        </button>
        <button
          class="MuiButtonBase-root Mui-disabled MuiIconButton-root Mui-disabled MuiIconButton-sizeMedium css-78trlr-MuiButtonBase-root-MuiIconButton-root"
          disabled=""
          tabindex="-1"
          type="button"
        >
          <svg
            aria-hidden="true"
            class="MuiSvgIcon-root MuiSvgIcon-fontSizeMedium css-i4bv87-MuiSvgIcon-root"
            data-testid="DeleteForeverIcon"
            focusable="false"
            viewBox="0 0 24 24"
          >
            <path
              d="M6 19c0 1.1.9 2 2 2h8c1.1 0 2-.9 2-2V7H6v12zm2.46-7.12 1.41-1.41L12 12.59l2.12-2.12 1.41 1.41L13.41 14l2.12 2.12-1.41 1.41L12 15.41l-2.12 2.12-1.41-1.41L10.59 14l-2.13-2.12zM15.5 4l-1-1h-5l-1 1H5v2h14V4z"
            />
          </svg>
        </button>
      </div>
    </div>
    <button
      aria-label="addPost"
      class="MuiButtonBase-root MuiIconButton-root MuiIconButton-sizeMedium css-1t609me-MuiButtonBase-root-MuiIconButton-root"
      data-mui-internal-clone-element="true"
      role="button"
      tabindex="0"
      type="button"
    >
      <svg
        aria-hidden="true"
        class="MuiSvgIcon-root MuiSvgIcon-fontSizeMedium css-16960id-MuiSvgIcon-root"
        data-testid="AddIcon"
        focusable="false"
        viewBox="0 0 24 24"
      >
        <path
          d="M19 13h-6v6h-2v-6H5v-2h6V5h2v6h6v2z"
        />
      </svg>
      <span
        class="MuiTouchRipple-root css-8je8zh-MuiTouchRipple-root"
      />
    </button>
    <footer
      class="MuiContainer-root MuiContainer-maxWidthLg footer css-7f8y8b-MuiContainer-root"
    >
      <p
        class="MuiTypography-root MuiTypography-body1 appName css-ahj2mt-MuiTypography-root"
      >
        TWIXER
      </p>
      <p
        class="MuiTypography-root MuiTypography-body1 copyrights css-ahj2mt-MuiTypography-root"
      >
        Â© 2024
      </p>
    </footer>
  </div>
</DocumentFragment>
`;
