// Vitest Snapshot v1, https://vitest.dev/guide/snapshot.html

exports[`MenuLogin Component > should match snapshot 1`] = `
<li
  className="MuiButtonBase-root MuiMenuItem-root MuiMenuItem-gutters MuiMenuItem-root MuiMenuItem-gutters css-nhc2at-MuiButtonBase-root-MuiMenuItem-root"
  onBlur={[Function]}
  onClick={[MockFunction spy]}
  onContextMenu={[Function]}
  onDragLeave={[Function]}
  onFocus={[Function]}
  onKeyDown={[Function]}
  onKeyUp={[Function]}
  onMouseDown={[Function]}
  onMouseLeave={[Function]}
  onMouseUp={[Function]}
  onTouchEnd={[Function]}
  onTouchMove={[Function]}
  onTouchStart={[Function]}
  role="menuitem"
  tabIndex={-1}
>
  <div
    className="MuiListItemIcon-root css-cveggr-MuiListItemIcon-root"
  >
    <svg
      aria-hidden={true}
      className="MuiSvgIcon-root MuiSvgIcon-fontSizeSmall css-ptiqhd-MuiSvgIcon-root"
      data-testid="LoginIcon"
      focusable="false"
      viewBox="0 0 24 24"
    >
      <path
        d="M11 7 9.6 8.4l2.6 2.6H2v2h10.2l-2.6 2.6L11 17l5-5-5-5zm9 12h-8v2h8c1.1 0 2-.9 2-2V5c0-1.1-.9-2-2-2h-8v2h8v14z"
      />
    </svg>
  </div>
  <div
    className="MuiListItemText-root css-tlelie-MuiListItemText-root"
  >
    <span
      className="MuiTypography-root MuiTypography-body1 MuiListItemText-primary css-10hburv-MuiTypography-root"
    >
      menu.log.in
    </span>
  </div>
</li>
`;
