// Vitest Snapshot v1, https://vitest.dev/guide/snapshot.html

exports[`MenuLinkItem Component > should match snapshot 1`] = `
<li
  className="MuiButtonBase-root MuiMenuItem-root MuiMenuItem-gutters MuiMenuItem-root MuiMenuItem-gutters css-kk1bwy-MuiButtonBase-root-MuiMenuItem-root"
  onBlur={[Function]}
  onContextMenu={[Function]}
  onDragLeave={[Function]}
  onFocus={[Function]}
  onKeyDown={[Function]}
  onKeyUp={[Function]}
  onMouseDown={[Function]}
  onMouseLeave={[Function]}
  onMouseUp={[Function]}
  onTouchEnd={[Function]}
  onTouchMove={[Function]}
  onTouchStart={[Function]}
  role="menuitem"
  tabIndex={-1}
>
  <a
    className="menuItem"
    href="/home"
    onClick={[Function]}
  >
    <div
      className="MuiListItemText-root css-tlelie-MuiListItemText-root"
    >
      <span
        className="MuiTypography-root MuiTypography-body1 MuiListItemText-primary css-10hburv-MuiTypography-root"
      >
        Home
      </span>
    </div>
  </a>
</li>
`;
