// Vitest Snapshot v1, https://vitest.dev/guide/snapshot.html

exports[`Menu > should match snapshot 1`] = `
<DocumentFragment>
  <div />
</DocumentFragment>
`;
